C:\Users\jcro_\Documents\MCUXpressoIDE_11.6.0_8187\workspace\frdmk64f_gpio_input_interrupt\CMSIS/core_cm4.h:1679:22:__NVIC_EnableIRQ	16	static
C:\Users\jcro_\Documents\MCUXpressoIDE_11.6.0_8187\workspace\frdmk64f_gpio_input_interrupt\drivers/fsl_common_arm.h:499:24:EnableIRQ	24	static
C:\Users\jcro_\Documents\MCUXpressoIDE_11.6.0_8187\workspace\frdmk64f_gpio_input_interrupt\drivers/fsl_port.h:443:20:PORT_SetPinInterruptConfig	24	static
C:\Users\jcro_\Documents\MCUXpressoIDE_11.6.0_8187\workspace\frdmk64f_gpio_input_interrupt\drivers/fsl_gpio.h:221:20:GPIO_PortToggle	16	static
../source/gpio_input_interrupt.c:55:6:PORTA_IRQHandler	8	static
../source/gpio_input_interrupt.c:69:6:PORTC_IRQHandler	8	static
../source/gpio_input_interrupt.c:86:5:main	24	static
