C:\Users\jcro_\Documents\MCUXpressoIDE_11.6.0_8187\workspace\frdmk64f_Maquina_Estados\CMSIS/core_cm4.h:1679:22:__NVIC_EnableIRQ	16	static
C:\Users\jcro_\Documents\MCUXpressoIDE_11.6.0_8187\workspace\frdmk64f_Maquina_Estados\drivers/fsl_common_arm.h:499:24:EnableIRQ	24	static
C:\Users\jcro_\Documents\MCUXpressoIDE_11.6.0_8187\workspace\frdmk64f_Maquina_Estados\drivers/fsl_port.h:443:20:PORT_SetPinInterruptConfig	24	static
C:\Users\jcro_\Documents\MCUXpressoIDE_11.6.0_8187\workspace\frdmk64f_Maquina_Estados\drivers/fsl_gpio.h:221:20:GPIO_PortToggle	16	static
../source/Maquina_Estados.c:71:6:PORTA_IRQHandler	8	static
../source/Maquina_Estados.c:98:6:PORTC_IRQHandler	8	static
../source/Maquina_Estados.c:127:5:main	24	static
